******************************************************************************
                  TI ARM Linker PC v20.2.4                     
******************************************************************************
>> Linked Tue May  4 10:15:28 2021

OUTPUT FILE NAME:   <Low_cost_meter.out>
ENTRY POINT SYMBOL: "_c_int00_noargs"  address: 00003da9


MEMORY CONFIGURATION

         name            origin    length      used     unused   attr    fill
----------------------  --------  ---------  --------  --------  ----  --------
  FLASH                 00000000   00040000  00004035  0003bfcb  R  X
  SRAM                  20000000   00008000  00000204  00007dfc  RW X


SEGMENT ALLOCATION MAP

run origin  load origin   length   init length attrs members
----------  ----------- ---------- ----------- ----- -------
00000000    00000000    00004038   00004038    r-x
  00000000    00000000    0000026c   0000026c    r-- .intvecs
  0000026c    0000026c    00003cb0   00003cb0    r-x .text
  00003f1c    00003f1c    00000101   00000101    r-- .const
  00004020    00004020    00000018   00000018    r-- .cinit
20000000    20000000    00000204   00000000    rw-
  20000000    20000000    00000200   00000000    rw- .stack
  20000200    20000200    00000004   00000000    rw- .data


SECTION ALLOCATION MAP

 output                                  attributes/
section   page    origin      length       input sections
--------  ----  ----------  ----------   ----------------
.intvecs   0    00000000    0000026c     
                  00000000    0000026c     tm4c123gh6pm_startup_ccs.obj (.intvecs)

.text      0    0000026c    00003cb0     
                  0000026c    00000a4e     rtsv7M4_T_le_v4SPD16_eabi.lib : _printfi.c.obj (.text:__TI_printfi)
                  00000cba    00000002                                   : div0.asm.obj (.text)
                  00000cbc    000007e4     gpio.obj (.text)
                  000014a0    0000061e     terminal.obj (.text)
                  00001abe    00000002     --HOLE-- [fill = 0]
                  00001ac0    000005c4     measurements.obj (.text)
                  00002084    000003c4     rtsv7M4_T_le_v4SPD16_eabi.lib : e_log.c.obj (.text:log)
                  00002448    0000035e     main.obj (.text)
                  000027a6    00000002     --HOLE-- [fill = 0]
                  000027a8    00000270     rtsv7M4_T_le_v4SPD16_eabi.lib : _printfi.c.obj (.text:_pconv_a)
                  00002a18    000001d0                                   : _printfi.c.obj (.text:_pconv_g)
                  00002be8    000001b6                                   : fd_add_t2.asm.obj (.text)
                  00002d9e    00000002     --HOLE-- [fill = 0]
                  00002da0    0000017c     uart0.obj (.text)
                  00002f1c    0000013c     rtsv7M4_T_le_v4SPD16_eabi.lib : _printfi.c.obj (.text:_pconv_e)
                  00003058    00000136                                   : fd_div_t2.asm.obj (.text)
                  0000318e    00000002     --HOLE-- [fill = 0]
                  00003190    00000124                                   : _printfi.c.obj (.text:fcvt)
                  000032b4    00000110                                   : s_scalbn.c.obj (.text:scalbn)
                  000033c4    00000104     adc0.obj (.text)
                  000034c8    000000fc     rtsv7M4_T_le_v4SPD16_eabi.lib : fd_mul_t2.asm.obj (.text)
                  000035c4    000000b1                                   : _printfi.c.obj (.text:_ltostr)
                  00003675    00000001     --HOLE-- [fill = 0]
                  00003676    0000009c                                   : memcpy_t2.asm.obj (.text)
                  00003712    00000096                                   : ull_div_t2.asm.obj (.text)
                  000037a8    00000086                                   : fd_cmp_t2.asm.obj (.text:__aeabi_cdcmple)
                  0000382e    00000086                                   : fd_cmp_t2.asm.obj (.text:__aeabi_cdrcmple)
                  000038b4    0000007a                                   : memset_t2.asm.obj (.text)
                  0000392e    0000006e                                   : _printfi.c.obj (.text:_mcpy)
                  0000399c    0000006e                                   : fd_tos_t2.asm.obj (.text)
                  00003a0a    00000068                                   : copy_decompress_lzss.c.obj (.text:decompress:lzss:__TI_decompress_lzss)
                  00003a72    00000002     --HOLE-- [fill = 0]
                  00003a74    00000064                                   : s_frexp.c.obj (.text:frexp)
                  00003ad8    00000056                                   : _printfi.c.obj (.text:_pconv_f)
                  00003b2e    00000054                                   : _ltoa.c.obj (.text:__TI_ltoa)
                  00003b82    00000052                                   : _printfi.c.obj (.text:_ecpy)
                  00003bd4    0000004c                                   : atoi.c.obj (.text:atoi)
                  00003c20    00000048                                   : fd_toi_t2.asm.obj (.text)
                  00003c68    00000044                                   : autoinit.c.obj (.text:__TI_auto_init_nobinit_nopinit:__TI_auto_init_nobinit_nopinit)
                  00003cac    00000044                                   : fd_tou_t2.asm.obj (.text)
                  00003cf0    00000040                                   : sprintf.c.obj (.text:sprintf)
                  00003d30    0000003e                                   : _printfi.c.obj (.text:_fcpy)
                  00003d6e    00000038                                   : fs_tod_t2.asm.obj (.text)
                  00003da6    00000002     --HOLE-- [fill = 0]
                  00003da8    00000034                                   : boot_cortex_m.c.obj (.text:_c_int00_noargs:_c_int00_noargs)
                  00003ddc    0000002e                                   : i_tofd_t2.asm.obj (.text)
                  00003e0a    00000024     wait.obj (.text)
                  00003e2e    00000020     rtsv7M4_T_le_v4SPD16_eabi.lib : u_tofd_t2.asm.obj (.text)
                  00003e4e    0000001c                                   : memccpy.c.obj (.text:memccpy)
                  00003e6a    0000001a                                   : s_copysign.c.obj (.text:copysign)
                  00003e84    00000018                                   : sprintf.c.obj (.text:_outs)
                  00003e9c    00000016                                   : strchr.c.obj (.text:strchr)
                  00003eb2    00000014                                   : strlen.c.obj (.text:strlen)
                  00003ec6    00000012                                   : wcslen.c.obj (.text:wcslen)
                  00003ed8    00000010     clock.obj (.text)
                  00003ee8    0000000e     rtsv7M4_T_le_v4SPD16_eabi.lib : copy_decompress_none.c.obj (.text:decompress:none:__TI_decompress_none)
                  00003ef6    0000000c     tm4c123gh6pm_startup_ccs.obj (.text)
                  00003f02    0000000a     rtsv7M4_T_le_v4SPD16_eabi.lib : sprintf.c.obj (.text:_outc)
                  00003f0c    00000008                                   : errno.c.obj (.text:__aeabi_errno_addr)
                  00003f14    00000004                                   : pre_init.c.obj (.text:_system_pre_init)
                  00003f18    00000004                                   : exit.c.obj (.text:abort:abort)

.const     0    00003f1c    00000101     
                  00003f1c    00000101     rtsv7M4_T_le_v4SPD16_eabi.lib : ctype.c.obj (.const:.string:_ctypes_)

.cinit     0    00004020    00000018     
                  00004020    00000008     (__TI_handler_table)
                  00004028    00000007     (.cinit..data.load) [load image, compression = lzss]
                  0000402f    00000001     --HOLE-- [fill = 0]
                  00004030    00000008     (__TI_cinit_table)

.init_array 
*          0    00000000    00000000     UNINITIALIZED

.data      0    20000200    00000004     UNINITIALIZED
                  20000200    00000004     rtsv7M4_T_le_v4SPD16_eabi.lib : errno.c.obj (.data)

.stack     0    20000000    00000200     UNINITIALIZED
                  20000000    00000004     rtsv7M4_T_le_v4SPD16_eabi.lib : boot_cortex_m.c.obj (.stack)
                  20000004    000001fc     --HOLE--

__llvm_prf_cnts 
*          0    20000000    00000000     UNINITIALIZED

MODULE SUMMARY

       Module                         code    ro data   rw data
       ------                         ----    -------   -------
    .\
       gpio.obj                       2020    0         0      
       terminal.obj                   1566    0         0      
       measurements.obj               1476    0         0      
       main.obj                       862     0         0      
       tm4c123gh6pm_startup_ccs.obj   12      620       0      
       uart0.obj                      380     0         0      
       adc0.obj                       260     0         0      
       wait.obj                       36      0         0      
       clock.obj                      16      0         0      
    +--+------------------------------+-------+---------+---------+
       Total:                         6628    620       0      
                                                               
    C:\ti\ccs1030\ccs\tools\compiler\ti-cgt-arm_20.2.4.LTS\lib\rtsv7M4_T_le_v4SPD16_eabi.lib
       _printfi.c.obj                 4851    0         0      
       e_log.c.obj                    964     0         0      
       fd_add_t2.asm.obj              438     0         0      
       fd_div_t2.asm.obj              310     0         0      
       s_scalbn.c.obj                 272     0         0      
       fd_cmp_t2.asm.obj              268     0         0      
       ctype.c.obj                    0       257       0      
       fd_mul_t2.asm.obj              252     0         0      
       memcpy_t2.asm.obj              156     0         0      
       ull_div_t2.asm.obj             150     0         0      
       memset_t2.asm.obj              122     0         0      
       fd_tos_t2.asm.obj              110     0         0      
       copy_decompress_lzss.c.obj     104     0         0      
       s_frexp.c.obj                  100     0         0      
       sprintf.c.obj                  98      0         0      
       _ltoa.c.obj                    84      0         0      
       atoi.c.obj                     76      0         0      
       fd_toi_t2.asm.obj              72      0         0      
       autoinit.c.obj                 68      0         0      
       fd_tou_t2.asm.obj              68      0         0      
       fs_tod_t2.asm.obj              56      0         0      
       boot_cortex_m.c.obj            52      0         0      
       i_tofd_t2.asm.obj              46      0         0      
       u_tofd_t2.asm.obj              32      0         0      
       memccpy.c.obj                  28      0         0      
       s_copysign.c.obj               26      0         0      
       strchr.c.obj                   22      0         0      
       strlen.c.obj                   20      0         0      
       wcslen.c.obj                   18      0         0      
       copy_decompress_none.c.obj     14      0         0      
       errno.c.obj                    8       0         4      
       exit.c.obj                     4       0         0      
       pre_init.c.obj                 4       0         0      
       div0.asm.obj                   2       0         0      
    +--+------------------------------+-------+---------+---------+
       Total:                         8895    257       4      
                                                               
       Stack:                         0       0         512    
       Linker Generated:              0       23        0      
    +--+------------------------------+-------+---------+---------+
       Grand Total:                   15523   900       516    


LINKER GENERATED COPY TABLES

__TI_cinit_table @ 00004030 records: 1, size/record: 8, table size: 8
	.data: load addr=00004028, load size=00000007 bytes, run addr=20000200, run size=00000004 bytes, compression=lzss


LINKER GENERATED HANDLER TABLE

__TI_handler_table @ 00004020 records: 2, size/record: 4, table size: 8
	index: 0, handler: __TI_decompress_lzss
	index: 1, handler: __TI_decompress_none


GLOBAL SYMBOLS: SORTED ALPHABETICALLY BY Name 

address   name                          
-------   ----                          
00003f19  C$$EXIT                       
00003ef7  ResetISR                      
20000200  __STACK_END                   
00000200  __STACK_SIZE                  
20000200  __STACK_TOP                   
00004030  __TI_CINIT_Base               
00004038  __TI_CINIT_Limit              
00004020  __TI_Handler_Table_Base       
00004028  __TI_Handler_Table_Limit      
00003c69  __TI_auto_init_nobinit_nopinit
00003a0b  __TI_decompress_lzss          
00003ee9  __TI_decompress_none          
00003b2f  __TI_ltoa                     
ffffffff  __TI_pprof_out_hndl           
0000026d  __TI_printfi                  
ffffffff  __TI_prof_data_size           
ffffffff  __TI_prof_data_start          
00000000  __TI_static_base__            
000037a9  __aeabi_cdcmpeq               
000037a9  __aeabi_cdcmple               
0000382f  __aeabi_cdrcmple              
0000399d  __aeabi_d2f                   
00003c21  __aeabi_d2iz                  
00003cad  __aeabi_d2uiz                 
00002bf3  __aeabi_dadd                  
00003059  __aeabi_ddiv                  
000034c9  __aeabi_dmul                  
00002be9  __aeabi_dsub                  
00003f0d  __aeabi_errno_addr            
00003d6f  __aeabi_f2d                   
00003ddd  __aeabi_i2d                   
00000cbb  __aeabi_idiv0                 
00000cbb  __aeabi_ldiv0                 
000038b5  __aeabi_memclr                
000038b5  __aeabi_memclr4               
000038b5  __aeabi_memclr8               
00003677  __aeabi_memcpy                
00003677  __aeabi_memcpy4               
00003677  __aeabi_memcpy8               
000038b7  __aeabi_memset                
000038b7  __aeabi_memset4               
000038b7  __aeabi_memset8               
00003e2f  __aeabi_ui2d                  
00003713  __aeabi_uldivmod              
ffffffff  __binit__                     
ffffffff  __c_args__                    
UNDEFED   __mpu_init                    
20000000  __stack                       
20000000  __start___llvm_prf_cnts       
20000000  __stop___llvm_prf_cnts        
00003da9  _c_int00_noargs               
00003f1c  _ctypes_                      
UNDEFED   _system_post_cinit            
00003f15  _system_pre_init              
00003f19  abort                         
00003bd5  atoi                          
ffffffff  binit                         
00001311  clearPinInterrupt             
00003e6b  copysign                      
00003e6b  copysignl                     
000012ed  disablePinInterrupt           
00001025  disablePinPulldown            
00000fdd  disablePinPullup              
00000d79  disablePort                   
000012c9  enablePinInterrupt            
00001001  enablePinPulldown             
00000faf  enablePinPullup               
00000cbd  enablePort                    
20000200  errno                         
00003a75  frexp                         
00003a75  frexpl                        
00000000  g_pfnVectors                  
0000135b  getPinValue                   
00001411  getPortValue                  
00002ea9  getcUart0                     
000014bf  getsUart0                     
00001b89  groundPins                    
000033c5  initAdc0                      
00001ac1  initMeasurements              
00003ed9  initSystemClockTo40Mhz        
000014a1  initTerminal                  
00002da1  initUart0                     
00002ebd  kbhitUart0                    
000032b5  ldexp                         
000032b5  ldexpl                        
00002085  log                           
00002085  logl                          
00002449  main                          
00001f75  measAuto                      
00001d03  measCap                       
00001bf5  measESR                       
00001dd9  measInd                       
00001c7d  measRes                       
00001bd3  measVoltage                   
00003e4f  memccpy                       
00003677  memcpy                        
000038bd  memset                        
UNDEFED   onButtonPress                 
0000157b  parseLine                     
000016c9  printHelp                     
0000169f  printMenu                     
00002e61  putcUart0                     
00002e7d  putsUart0                     
00003477  readAdc0Ss3                   
00001697  resetSys                      
000032b5  scalbn                        
000032b5  scalbnl                       
00000ee3  selectPinAnalogInput          
00000e95  selectPinDigitalInput         
000011ff  selectPinInterruptBothEdges   
000011af  selectPinInterruptFallingEdge 
00001255  selectPinInterruptHighLevel   
0000128f  selectPinInterruptLowLevel    
0000115f  selectPinInterruptRisingEdge  
00000e47  selectPinOpenDrainOutput      
00000df9  selectPinPushPullOutput       
0000340b  setAdc0Ss3Log2AverageCount    
0000344f  setAdc0Ss3Mux                 
0000104d  setPinAuxFunction             
00000f33  setPinCommitControl           
00001335  setPinValue                   
00001395  setPortValue                  
00002e35  setUart0BaudRate              
00001677  skip                          
00003cf1  sprintf                       
00001627  strCmp                        
00003e9d  strchr                        
00003eb3  strlen                        
00003e0b  waitMicrosecond               
00003ec7  wcslen                        


GLOBAL SYMBOLS: SORTED BY Symbol Address 

address   name                          
-------   ----                          
00000000  __TI_static_base__            
00000000  g_pfnVectors                  
00000200  __STACK_SIZE                  
0000026d  __TI_printfi                  
00000cbb  __aeabi_idiv0                 
00000cbb  __aeabi_ldiv0                 
00000cbd  enablePort                    
00000d79  disablePort                   
00000df9  selectPinPushPullOutput       
00000e47  selectPinOpenDrainOutput      
00000e95  selectPinDigitalInput         
00000ee3  selectPinAnalogInput          
00000f33  setPinCommitControl           
00000faf  enablePinPullup               
00000fdd  disablePinPullup              
00001001  enablePinPulldown             
00001025  disablePinPulldown            
0000104d  setPinAuxFunction             
0000115f  selectPinInterruptRisingEdge  
000011af  selectPinInterruptFallingEdge 
000011ff  selectPinInterruptBothEdges   
00001255  selectPinInterruptHighLevel   
0000128f  selectPinInterruptLowLevel    
000012c9  enablePinInterrupt            
000012ed  disablePinInterrupt           
00001311  clearPinInterrupt             
00001335  setPinValue                   
0000135b  getPinValue                   
00001395  setPortValue                  
00001411  getPortValue                  
000014a1  initTerminal                  
000014bf  getsUart0                     
0000157b  parseLine                     
00001627  strCmp                        
00001677  skip                          
00001697  resetSys                      
0000169f  printMenu                     
000016c9  printHelp                     
00001ac1  initMeasurements              
00001b89  groundPins                    
00001bd3  measVoltage                   
00001bf5  measESR                       
00001c7d  measRes                       
00001d03  measCap                       
00001dd9  measInd                       
00001f75  measAuto                      
00002085  log                           
00002085  logl                          
00002449  main                          
00002be9  __aeabi_dsub                  
00002bf3  __aeabi_dadd                  
00002da1  initUart0                     
00002e35  setUart0BaudRate              
00002e61  putcUart0                     
00002e7d  putsUart0                     
00002ea9  getcUart0                     
00002ebd  kbhitUart0                    
00003059  __aeabi_ddiv                  
000032b5  ldexp                         
000032b5  ldexpl                        
000032b5  scalbn                        
000032b5  scalbnl                       
000033c5  initAdc0                      
0000340b  setAdc0Ss3Log2AverageCount    
0000344f  setAdc0Ss3Mux                 
00003477  readAdc0Ss3                   
000034c9  __aeabi_dmul                  
00003677  __aeabi_memcpy                
00003677  __aeabi_memcpy4               
00003677  __aeabi_memcpy8               
00003677  memcpy                        
00003713  __aeabi_uldivmod              
000037a9  __aeabi_cdcmpeq               
000037a9  __aeabi_cdcmple               
0000382f  __aeabi_cdrcmple              
000038b5  __aeabi_memclr                
000038b5  __aeabi_memclr4               
000038b5  __aeabi_memclr8               
000038b7  __aeabi_memset                
000038b7  __aeabi_memset4               
000038b7  __aeabi_memset8               
000038bd  memset                        
0000399d  __aeabi_d2f                   
00003a0b  __TI_decompress_lzss          
00003a75  frexp                         
00003a75  frexpl                        
00003b2f  __TI_ltoa                     
00003bd5  atoi                          
00003c21  __aeabi_d2iz                  
00003c69  __TI_auto_init_nobinit_nopinit
00003cad  __aeabi_d2uiz                 
00003cf1  sprintf                       
00003d6f  __aeabi_f2d                   
00003da9  _c_int00_noargs               
00003ddd  __aeabi_i2d                   
00003e0b  waitMicrosecond               
00003e2f  __aeabi_ui2d                  
00003e4f  memccpy                       
00003e6b  copysign                      
00003e6b  copysignl                     
00003e9d  strchr                        
00003eb3  strlen                        
00003ec7  wcslen                        
00003ed9  initSystemClockTo40Mhz        
00003ee9  __TI_decompress_none          
00003ef7  ResetISR                      
00003f0d  __aeabi_errno_addr            
00003f15  _system_pre_init              
00003f19  C$$EXIT                       
00003f19  abort                         
00003f1c  _ctypes_                      
00004020  __TI_Handler_Table_Base       
00004028  __TI_Handler_Table_Limit      
00004030  __TI_CINIT_Base               
00004038  __TI_CINIT_Limit              
20000000  __stack                       
20000000  __start___llvm_prf_cnts       
20000000  __stop___llvm_prf_cnts        
20000200  __STACK_END                   
20000200  __STACK_TOP                   
20000200  errno                         
ffffffff  __TI_pprof_out_hndl           
ffffffff  __TI_prof_data_size           
ffffffff  __TI_prof_data_start          
ffffffff  __binit__                     
ffffffff  __c_args__                    
ffffffff  binit                         
UNDEFED   __mpu_init                    
UNDEFED   _system_post_cinit            
UNDEFED   onButtonPress                 

[130 symbols]
